2025-09-15 12:17:24,742 - INFO - Starting multi-seed experiment
2025-09-15 12:17:24,743 - INFO - Architecture: deit_base
2025-09-15 12:17:24,743 - INFO - Weight bits: 6
2025-09-15 12:17:24,743 - INFO - Activation bits: 6
2025-09-15 12:17:24,743 - INFO - Seeds: [1001, 1002, 1003]
2025-09-15 12:17:24,743 - INFO - Alpha values: [0.1, 0.2, 0.3, 0.4, 0.5, 0.6, 0.7, 0.8, 0.9, 1.0]
2025-09-15 12:17:24,743 - INFO - Cluster numbers: [8, 16, 32, 64, 128, 256]
2025-09-15 12:17:24,743 - INFO - PCA dimensions: [1, 25, 50, 75, 100, 125, 150, 175, 200, 220]
2025-09-15 12:17:24,743 - INFO - Output directory: ./experiment_results/deit_base_w6_a6_20250915_121724
2025-09-15 12:17:24,743 - INFO - Checking basic requirements...
2025-09-15 12:17:24,743 - INFO - Basic checks passed
2025-09-15 12:17:24,743 - INFO - 
Starting experiments for 3 seeds...
2025-09-15 12:17:24,743 - INFO - Total parameter combinations: 600
2025-09-15 12:17:24,743 - INFO - Total experiments: 1800
2025-09-15 12:17:24,743 - INFO - 
============================================================
2025-09-15 12:17:24,744 - INFO - Running experiment 1/3 for seed 1001
2025-09-15 12:17:24,744 - INFO - ============================================================
2025-09-15 12:17:24,744 - INFO - Running experiment for seed 1001
2025-09-15 12:17:24,744 - INFO - Command: /home/alz07xz/project/PD-Quant/pd_quant/bin/python ../test_quant.py --model deit_base --w_bit 6 --a_bit 6 --seed 1001 --config ../configs/4bit/brecq_baseline.py --dataset /home/alz07xz/imagenet --calib-size 1000 --calib-batch-size 32 --val-batch-size 500 --num-workers 8 --device cuda --alpha-list 0.1 0.2 0.3 0.4 0.5 0.6 0.7 0.8 0.9 1.0 --num-clusters-list 8 16 32 64 128 256 --pca-dim-list 1 25 50 75 100 125 150 175 200 220 --calibrate --optimize
2025-09-15 12:17:24,744 - INFO - Working directory: /home/alz07xz/project/APHQ_CAT/brecq_base
